Archive member included to satisfy reference by file (symbol)

C:/devkitPro/devkitARM/bin/../lib/gcc/arm-none-eabi/15.2.0/thumb\libgcc.a(_sync_none.o)
                              (__sync_synchronize_none)
C:/devkitPro/devkitARM/bin/../lib/gcc/arm-none-eabi/15.2.0/../../../../arm-none-eabi/lib/thumb\libc.a(libc_a-memset.o)
                              obj/gba_system.o (memset)
C:/devkitPro/devkitARM/bin/../lib/gcc/arm-none-eabi/15.2.0/../../../../arm-none-eabi/lib/thumb\libc.a(libc_a-init.o)
                              C:/devkitPro/devkitARM/bin/../lib/gcc/arm-none-eabi/15.2.0/../../../../arm-none-eabi/lib/thumb/gba_crt0.o (__libc_init_array)
C:/devkitPro/devkitARM/bin/../lib/gcc/arm-none-eabi/15.2.0/../../../../arm-none-eabi/lib/thumb\libsysbase.a(libsysbase_libsysbase_a-malloc_vars.o)
                              C:/devkitPro/devkitARM/bin/../lib/gcc/arm-none-eabi/15.2.0/../../../../arm-none-eabi/lib/thumb/gba_crt0.o (fake_heap_end)

Discarded input sections

 .text          0x00000000        0x0 C:/devkitPro/devkitARM/bin/../lib/gcc/arm-none-eabi/15.2.0/../../../../arm-none-eabi/lib/thumb/gba_crt0.o
 .data          0x00000000        0x0 C:/devkitPro/devkitARM/bin/../lib/gcc/arm-none-eabi/15.2.0/../../../../arm-none-eabi/lib/thumb/gba_crt0.o
 .bss           0x00000000        0x0 C:/devkitPro/devkitARM/bin/../lib/gcc/arm-none-eabi/15.2.0/../../../../arm-none-eabi/lib/thumb/gba_crt0.o
 .text          0x00000000        0x0 C:/devkitPro/devkitARM/bin/../lib/gcc/arm-none-eabi/15.2.0/thumb/crti.o
 .data          0x00000000        0x0 C:/devkitPro/devkitARM/bin/../lib/gcc/arm-none-eabi/15.2.0/thumb/crti.o
 .bss           0x00000000        0x0 C:/devkitPro/devkitARM/bin/../lib/gcc/arm-none-eabi/15.2.0/thumb/crti.o
 .text          0x00000000        0x0 C:/devkitPro/devkitARM/bin/../lib/gcc/arm-none-eabi/15.2.0/thumb/crtbegin.o
 .data          0x00000000        0x0 C:/devkitPro/devkitARM/bin/../lib/gcc/arm-none-eabi/15.2.0/thumb/crtbegin.o
 .bss           0x00000000        0x0 C:/devkitPro/devkitARM/bin/../lib/gcc/arm-none-eabi/15.2.0/thumb/crtbegin.o
 .rodata.all_implied_fbits
                0x00000000       0x24 C:/devkitPro/devkitARM/bin/../lib/gcc/arm-none-eabi/15.2.0/thumb/crtbegin.o
 .data.__dso_handle
                0x00000000        0x4 C:/devkitPro/devkitARM/bin/../lib/gcc/arm-none-eabi/15.2.0/thumb/crtbegin.o
 .data          0x00000000        0x0 obj/engine.o
 .data          0x00000000        0x0 obj/gba_system.o
 .text          0x00000000        0x0 obj/main.o
 .data          0x00000000        0x0 obj/main.o
 .bss           0x00000000        0x0 obj/main.o
 .data          0x00000000        0x0 obj/vm.o
 .text          0x00000000        0x4 C:/devkitPro/devkitARM/bin/../lib/gcc/arm-none-eabi/15.2.0/thumb\libgcc.a(_sync_none.o)
 .data          0x00000000        0x0 C:/devkitPro/devkitARM/bin/../lib/gcc/arm-none-eabi/15.2.0/thumb\libgcc.a(_sync_none.o)
 .bss           0x00000000        0x0 C:/devkitPro/devkitARM/bin/../lib/gcc/arm-none-eabi/15.2.0/thumb\libgcc.a(_sync_none.o)
 .debug_line    0x00000000       0x4a C:/devkitPro/devkitARM/bin/../lib/gcc/arm-none-eabi/15.2.0/thumb\libgcc.a(_sync_none.o)
 .debug_line_str
                0x00000000       0xcd C:/devkitPro/devkitARM/bin/../lib/gcc/arm-none-eabi/15.2.0/thumb\libgcc.a(_sync_none.o)
 .debug_info    0x00000000       0x31 C:/devkitPro/devkitARM/bin/../lib/gcc/arm-none-eabi/15.2.0/thumb\libgcc.a(_sync_none.o)
 .debug_abbrev  0x00000000       0x28 C:/devkitPro/devkitARM/bin/../lib/gcc/arm-none-eabi/15.2.0/thumb\libgcc.a(_sync_none.o)
 .debug_aranges
                0x00000000       0x20 C:/devkitPro/devkitARM/bin/../lib/gcc/arm-none-eabi/15.2.0/thumb\libgcc.a(_sync_none.o)
 .debug_str     0x00000000       0xf3 C:/devkitPro/devkitARM/bin/../lib/gcc/arm-none-eabi/15.2.0/thumb\libgcc.a(_sync_none.o)
 .text          0x00000000        0x0 C:/devkitPro/devkitARM/bin/../lib/gcc/arm-none-eabi/15.2.0/../../../../arm-none-eabi/lib/thumb\libc.a(libc_a-memset.o)
 .data          0x00000000        0x0 C:/devkitPro/devkitARM/bin/../lib/gcc/arm-none-eabi/15.2.0/../../../../arm-none-eabi/lib/thumb\libc.a(libc_a-memset.o)
 .bss           0x00000000        0x0 C:/devkitPro/devkitARM/bin/../lib/gcc/arm-none-eabi/15.2.0/../../../../arm-none-eabi/lib/thumb\libc.a(libc_a-memset.o)
 .text          0x00000000        0x0 C:/devkitPro/devkitARM/bin/../lib/gcc/arm-none-eabi/15.2.0/../../../../arm-none-eabi/lib/thumb\libc.a(libc_a-init.o)
 .data          0x00000000        0x0 C:/devkitPro/devkitARM/bin/../lib/gcc/arm-none-eabi/15.2.0/../../../../arm-none-eabi/lib/thumb\libc.a(libc_a-init.o)
 .bss           0x00000000        0x0 C:/devkitPro/devkitARM/bin/../lib/gcc/arm-none-eabi/15.2.0/../../../../arm-none-eabi/lib/thumb\libc.a(libc_a-init.o)
 .text          0x00000000        0x0 C:/devkitPro/devkitARM/bin/../lib/gcc/arm-none-eabi/15.2.0/../../../../arm-none-eabi/lib/thumb\libsysbase.a(libsysbase_libsysbase_a-malloc_vars.o)
 .data          0x00000000        0x0 C:/devkitPro/devkitARM/bin/../lib/gcc/arm-none-eabi/15.2.0/../../../../arm-none-eabi/lib/thumb\libsysbase.a(libsysbase_libsysbase_a-malloc_vars.o)
 .bss           0x00000000        0x0 C:/devkitPro/devkitARM/bin/../lib/gcc/arm-none-eabi/15.2.0/../../../../arm-none-eabi/lib/thumb\libsysbase.a(libsysbase_libsysbase_a-malloc_vars.o)
 .bss.fake_heap_start
                0x00000000        0x4 C:/devkitPro/devkitARM/bin/../lib/gcc/arm-none-eabi/15.2.0/../../../../arm-none-eabi/lib/thumb\libsysbase.a(libsysbase_libsysbase_a-malloc_vars.o)
 .text          0x00000000        0x0 C:/devkitPro/devkitARM/bin/../lib/gcc/arm-none-eabi/15.2.0/thumb/crtend.o
 .data          0x00000000        0x0 C:/devkitPro/devkitARM/bin/../lib/gcc/arm-none-eabi/15.2.0/thumb/crtend.o
 .bss           0x00000000        0x0 C:/devkitPro/devkitARM/bin/../lib/gcc/arm-none-eabi/15.2.0/thumb/crtend.o
 .rodata.all_implied_fbits
                0x00000000       0x24 C:/devkitPro/devkitARM/bin/../lib/gcc/arm-none-eabi/15.2.0/thumb/crtend.o
 .text          0x00000000        0x0 C:/devkitPro/devkitARM/bin/../lib/gcc/arm-none-eabi/15.2.0/thumb/crtn.o
 .data          0x00000000        0x0 C:/devkitPro/devkitARM/bin/../lib/gcc/arm-none-eabi/15.2.0/thumb/crtn.o
 .bss           0x00000000        0x0 C:/devkitPro/devkitARM/bin/../lib/gcc/arm-none-eabi/15.2.0/thumb/crtn.o

Memory Configuration

Name             Origin             Length             Attributes
rom              0x08000000         0x02000000
iwram            0x03000000         0x00008000
ewram            0x02000000         0x00040000
*default*        0x00000000         0xffffffff

Linker script and memory map

                0x00000000                        __sync_synchronize = __sync_synchronize_none
                0x08000000                        __text_start = ORIGIN (rom)
                0x02040000                        __eheap_end = (ORIGIN (ewram) + LENGTH (ewram))
                0x03000000                        __iwram_start = ORIGIN (iwram)
                0x03008000                        __iwram_top = (ORIGIN (iwram) + LENGTH (iwram))
                0x03007fa0                        __sp_irq = (__iwram_top - 0x60)
                0x03007f00                        __sp_usr = (__sp_irq - 0xa0)
                0x03007ff8                        __irq_flags = 0x3007ff8
                0x08000000                        . = __text_start

.crt0           0x08000000      0x210
 *(.crt0)
 .crt0          0x08000000      0x210 C:/devkitPro/devkitARM/bin/../lib/gcc/arm-none-eabi/15.2.0/../../../../arm-none-eabi/lib/thumb/gba_crt0.o
                0x08000000                _start
                0x080000c4                __boot_method
                0x080000c5                __slave_number
                0x080000e0                start_vector
                0x08000210                        . = ALIGN (0x4)

.init           0x08000210        0xc
 *(SORT_NONE(.init))
 .init          0x08000210        0x4 C:/devkitPro/devkitARM/bin/../lib/gcc/arm-none-eabi/15.2.0/thumb/crti.o
                0x08000210                _init
 .init          0x08000214        0x8 C:/devkitPro/devkitARM/bin/../lib/gcc/arm-none-eabi/15.2.0/thumb/crtn.o

.plt            0x0800021c        0x0
 *(.plt)
                0x0800021c                        . = ALIGN (0x4)

.text           0x0800021c      0x958
 *(EXCLUDE_FILE(*.iwram*) .text*)
 .text.__do_global_dtors_aux
                0x0800021c       0x2c C:/devkitPro/devkitARM/bin/../lib/gcc/arm-none-eabi/15.2.0/thumb/crtbegin.o
 .text.frame_dummy
                0x08000248       0x24 C:/devkitPro/devkitARM/bin/../lib/gcc/arm-none-eabi/15.2.0/thumb/crtbegin.o
 .text          0x0800026c      0x4b0 obj/engine.o
                0x08000494                engine_init
                0x080004fc                engine_render
                0x08000508                load_scene
                0x08000560                engine_update
                0x080005fc                engine_run
                0x0800060c                vm_scene_load
                0x08000618                vm_scene_set_tone
                0x08000638                spawn_actor
                0x080006b8                destroy_actor
 .text          0x0800071c      0x144 obj/gba_system.o
                0x0800071c                gba_init
                0x0800074c                wait_vblank
                0x08000764                vsync
                0x0800077c                get_keys
                0x08000798                key_pressed
                0x080007b4                key_released
                0x080007d0                set_mode
                0x080007e4                set_palette_color
                0x080007f0                load_palette
                0x08000818                dma_copy
                0x08000838                dma_fill
 .text.startup  0x08000860       0x10 obj/main.o
                0x08000860                main
 .text          0x08000870      0x224 obj/vm.o
                0x08000870                script_runner_init
                0x08000904                script_execute
                0x08000978                script_terminate
                0x080009c4                script_detach_hthread
                0x080009ec                script_runner_update
 .text.memset   0x08000a94       0x8c C:/devkitPro/devkitARM/bin/../lib/gcc/arm-none-eabi/15.2.0/../../../../arm-none-eabi/lib/thumb\libc.a(libc_a-memset.o)
                0x08000a94                memset
 .text.__libc_init_array
                0x08000b20       0x54 C:/devkitPro/devkitARM/bin/../lib/gcc/arm-none-eabi/15.2.0/../../../../arm-none-eabi/lib/thumb\libc.a(libc_a-init.o)
                0x08000b20                __libc_init_array
 *(.gnu.linkonce.t.*)
 *(.text.*personality*)
 *(.gnu.warning)
 *(.glue_7t)
 .glue_7t       0x08000b74        0x0 linker stubs
 *(.glue_7)
 .glue_7        0x08000b74        0x0 linker stubs
 *(.vfp11_veneer)
 .vfp11_veneer  0x08000b74        0x0 linker stubs
                0x08000b74                        . = ALIGN (0x4)
                0x08000b74                        __text_end = .

.v4_bx          0x08000b74        0x0
 .v4_bx         0x08000b74        0x0 linker stubs

.iplt           0x08000b74        0x0
 .iplt          0x08000b74        0x0 C:/devkitPro/devkitARM/bin/../lib/gcc/arm-none-eabi/15.2.0/../../../../arm-none-eabi/lib/thumb/gba_crt0.o

.fini           0x08000b74        0xc
 *(.fini)
 .fini          0x08000b74        0x4 C:/devkitPro/devkitARM/bin/../lib/gcc/arm-none-eabi/15.2.0/thumb/crti.o
                0x08000b74                _fini
 .fini          0x08000b78        0x8 C:/devkitPro/devkitARM/bin/../lib/gcc/arm-none-eabi/15.2.0/thumb/crtn.o
                0x08000b80                        . = ALIGN (0x4)

.rodata         0x08000b80      0x2b4
 *(.rodata)
 .rodata        0x08000b80      0x2b3 obj/engine.o
 *all.rodata*(*)
 *(.roda)
 *(.rodata.*)
 *(.gnu.linkonce.r*)
                0x08000e34                        . = ALIGN (0x4)
 *fill*         0x08000e33        0x1 ff

.ARM.extab
 *(.ARM.extab* .gnu.linkonce.armextab.*)
                0x08000e34                        __exidx_start = .

.ARM.exidx
 *(.ARM.exidx* .gnu.linkonce.armexidx.*)
                0x08000e34                        __exidx_end = .

.ctors          0x08000e34        0x0
 *crtbegin.o(.ctors)
 *(EXCLUDE_FILE(*crtend.o) .ctors)
 *(SORT_BY_NAME(.ctors.*))
 *(.ctors)
                0x08000e34                        . = ALIGN (0x4)

.dtors          0x08000e34        0x0
 *crtbegin.o(.dtors)
 *(EXCLUDE_FILE(*crtend.o) .dtors)
 *(SORT_BY_NAME(.dtors.*))
 *(.dtors)
                0x08000e34                        . = ALIGN (0x4)

.eh_frame       0x08000e34        0x4
 *(.eh_frame)
 .eh_frame      0x08000e34        0x0 C:/devkitPro/devkitARM/bin/../lib/gcc/arm-none-eabi/15.2.0/thumb/crtbegin.o
 .eh_frame      0x08000e34        0x4 C:/devkitPro/devkitARM/bin/../lib/gcc/arm-none-eabi/15.2.0/thumb/crtend.o
                0x08000e38                        . = ALIGN (0x4)

.gcc_except_table
                0x08000e38        0x0
 *(.gcc_except_table)
                0x08000e38                        . = ALIGN (0x4)
                0x08000e38                        __iwram_lma = .

.iwram          0x03000000        0x0 load address 0x08000e38
                0x03000000                        __iwram_start__ = ABSOLUTE (.)
 *(.iwram .iwram*)
 *iwram.*(.text* .data*)
                0x03000000                        . = ALIGN (0x4)
                0x03000000                        __iwram_end__ = ABSOLUTE (.)
                0x08000e38                        __data_lma = (__iwram_lma + SIZEOF (.iwram))

.bss            0x03000000     0x12c4
                0x03000000                        __bss_start = ABSOLUTE (.)
                0x03000000                        __bss_start__ = ABSOLUTE (.)
 *(.dynbss)
 *(.gnu.linkonce.b*)
 *(.bss*)
 .bss.completed.1
                0x03000000        0x1 C:/devkitPro/devkitARM/bin/../lib/gcc/arm-none-eabi/15.2.0/thumb/crtbegin.o
 *fill*         0x03000001        0x3 
 .bss.object.0  0x03000004       0x18 C:/devkitPro/devkitARM/bin/../lib/gcc/arm-none-eabi/15.2.0/thumb/crtbegin.o
 *fill*         0x0300001c        0x4 
 .bss           0x03000020      0x1b8 obj/engine.o
 .bss           0x030001d8        0x4 obj/gba_system.o
 *fill*         0x030001dc        0x4 
 .bss           0x030001e0     0x10e0 obj/vm.o
                0x030001e0                first_ctx
                0x030001e4                free_ctxs
                0x030001e8                old_executing_ctx
                0x030001ec                executing_ctx
                0x030001f0                vm_lock_state
                0x030001f1                vm_loaded_state
                0x030001f2                vm_exception_code
                0x030001f3                vm_exception_params_length
                0x030001f4                vm_exception_params_bank
                0x030001f8                vm_exception_params_offset
                0x03000200                CTXS
                0x030004c0                script_memory
 .bss.fake_heap_end
                0x030012c0        0x4 C:/devkitPro/devkitARM/bin/../lib/gcc/arm-none-eabi/15.2.0/../../../../arm-none-eabi/lib/thumb\libsysbase.a(libsysbase_libsysbase_a-malloc_vars.o)
                0x030012c0                fake_heap_end
 *(COMMON)
                0x030012c4                        . = ALIGN (0x4)
                0x030012c4                        __bss_end__ = ABSOLUTE (.)

.data           0x030012c4        0x0 load address 0x08000e38
                0x030012c4                        __data_start__ = ABSOLUTE (.)
 *(.data*)
 *(.gnu.linkonce.d*)
                0x030012c4                        . = ALIGN (0x4)
                0x08000e38                        __preinit_lma = (__data_lma + SIZEOF (.data))

.igot.plt       0x03000000        0x0
 .igot.plt      0x03000000        0x0 C:/devkitPro/devkitARM/bin/../lib/gcc/arm-none-eabi/15.2.0/../../../../arm-none-eabi/lib/thumb/gba_crt0.o

.preinit_array  0x030012c4        0x0 load address 0x08000e38
                0x030012c4                        __preinit_array_start = ABSOLUTE (.)
 *(.preinit_array)
                0x030012c4                        __preinit_array_end = ABSOLUTE (.)
                0x08000e38                        __init_lma = (__preinit_lma + SIZEOF (.preinit_array))

.init_array     0x030012c4        0x4 load address 0x08000e38
                0x030012c4                        __init_array_start = ABSOLUTE (.)
 *(SORT_BY_NAME(.init_array.*))
 *(.init_array)
 .init_array    0x030012c4        0x4 C:/devkitPro/devkitARM/bin/../lib/gcc/arm-none-eabi/15.2.0/thumb/crtbegin.o
                0x030012c8                        __init_array_end = ABSOLUTE (.)
                0x08000e3c                        __fini_lma = (__init_lma + SIZEOF (.init_array))

.fini_array     0x030012c8        0x4 load address 0x08000e3c
                0x030012c8                        __fini_array_start = ABSOLUTE (.)
 *(SORT_BY_NAME(.fini_array.*))
 *(.fini_array)
 .fini_array    0x030012c8        0x4 C:/devkitPro/devkitARM/bin/../lib/gcc/arm-none-eabi/15.2.0/thumb/crtbegin.o
                0x030012cc                        __fini_array_end = ABSOLUTE (.)
                0x08000e40                        __jcr_lma = (__fini_lma + SIZEOF (.fini_array))

.jcr
 *(.jcr)
                0x030012cc                        __data_end__ = ABSOLUTE (.)
                0x08000e40                        __iwram_overlay_lma = (__jcr_lma + SIZEOF (.jcr))
                0x030012cc                        __iwram_overlay_start = .

.iwram0         0x030012cc        0x0 load address 0x08000e40
 *(.iwram0)
                0x030012cc                        . = ALIGN (0x4)
                0x08000e40                        PROVIDE (__load_start_iwram0 = LOADADDR (.iwram0))
                0x08000e40                        PROVIDE (__load_stop_iwram0 = (LOADADDR (.iwram0) + SIZEOF (.iwram0)))

.iwram1         0x030012cc        0x0
 *(.iwram1)
                0x030012cc                        . = ALIGN (0x4)
                [!provide]                        PROVIDE (__load_start_iwram1 = LOADADDR (.iwram1))
                [!provide]                        PROVIDE (__load_stop_iwram1 = (LOADADDR (.iwram1) + SIZEOF (.iwram1)))

.iwram2         0x030012cc        0x0
 *(.iwram2)
                0x030012cc                        . = ALIGN (0x4)
                [!provide]                        PROVIDE (__load_start_iwram2 = LOADADDR (.iwram2))
                [!provide]                        PROVIDE (__load_stop_iwram2 = (LOADADDR (.iwram2) + SIZEOF (.iwram2)))

.iwram3         0x030012cc        0x0
 *(.iwram3)
                0x030012cc                        . = ALIGN (0x4)
                [!provide]                        PROVIDE (__load_start_iwram3 = LOADADDR (.iwram3))
                [!provide]                        PROVIDE (__load_stop_iwram3 = (LOADADDR (.iwram3) + SIZEOF (.iwram3)))

.iwram4         0x030012cc        0x0
 *(.iwram4)
                0x030012cc                        . = ALIGN (0x4)
                [!provide]                        PROVIDE (__load_start_iwram4 = LOADADDR (.iwram4))
                [!provide]                        PROVIDE (__load_stop_iwram4 = (LOADADDR (.iwram4) + SIZEOF (.iwram4)))

.iwram5         0x030012cc        0x0
 *(.iwram5)
                0x030012cc                        . = ALIGN (0x4)
                [!provide]                        PROVIDE (__load_start_iwram5 = LOADADDR (.iwram5))
                [!provide]                        PROVIDE (__load_stop_iwram5 = (LOADADDR (.iwram5) + SIZEOF (.iwram5)))

.iwram6         0x030012cc        0x0
 *(.iwram6)
                0x030012cc                        . = ALIGN (0x4)
                [!provide]                        PROVIDE (__load_start_iwram6 = LOADADDR (.iwram6))
                [!provide]                        PROVIDE (__load_stop_iwram6 = (LOADADDR (.iwram6) + SIZEOF (.iwram6)))

.iwram7         0x030012cc        0x0
 *(.iwram7)
                0x030012cc                        . = ALIGN (0x4)
                [!provide]                        PROVIDE (__load_start_iwram7 = LOADADDR (.iwram7))
                [!provide]                        PROVIDE (__load_stop_iwram7 = (LOADADDR (.iwram7) + SIZEOF (.iwram7)))

.iwram8         0x030012cc        0x0
 *(.iwram8)
                0x030012cc                        . = ALIGN (0x4)
                [!provide]                        PROVIDE (__load_start_iwram8 = LOADADDR (.iwram8))
                [!provide]                        PROVIDE (__load_stop_iwram8 = (LOADADDR (.iwram8) + SIZEOF (.iwram8)))

.iwram9         0x030012cc        0x0
 *(.iwram9)
                0x030012cc                        . = ALIGN (0x4)
                [!provide]                        PROVIDE (__load_start_iwram9 = LOADADDR (.iwram9))
                [!provide]                        PROVIDE (__load_stop_iwram9 = (LOADADDR (.iwram9) + SIZEOF (.iwram9)))
                0x030012cc                        __iwram_overlay_end = .
                0x08000e40                        __ewram_lma = (__iwram_overlay_lma + (__iwram_overlay_end - __iwram_overlay_start))
                0x030012cc                        __iheap_start = .
                0x02000000                        __ewram_start = ORIGIN (ewram)

.ewram          0x02000000        0x0 load address 0x08000e40
 *(.ewram*)
                0x02000000                        . = ALIGN (0x4)
                0x02000000                        __ewram_end = ABSOLUTE (.)
                0x08000e40                        __pad_lma = (__ewram_lma + SIZEOF (.ewram))

.sbss           0x02000000        0x0
                0x02000000                        __sbss_start__ = ABSOLUTE (.)
 *(.sbss*)
                0x02000000                        . = ALIGN (0x4)
                0x02000000                        __sbss_end__ = ABSOLUTE (.)
                0x02000000                        __end__ = ABSOLUTE (.)
                0x02000000                        __eheap_start = ABSOLUTE (.)

.pad            0x02000000        0x8 load address 0x08000e40
                0x02000000        0x4 LONG 0x52416b64
                0x02000004        0x4 LONG 0x4d
                0x02000008                        . = ALIGN (0x4)
                0x08000e48                        __rom_end__ = (__pad_lma + SIZEOF (.pad))

.rel.dyn        0x02000008        0x0 load address 0x08000e48
 .rel.iplt      0x02000008        0x0 C:/devkitPro/devkitARM/bin/../lib/gcc/arm-none-eabi/15.2.0/../../../../arm-none-eabi/lib/thumb/gba_crt0.o

.stab
 *(.stab)

.stabstr
 *(.stabstr)

.stab.excl
 *(.stab.excl)

.stab.exclstr
 *(.stab.exclstr)

.stab.index
 *(.stab.index)

.stab.indexstr
 *(.stab.indexstr)

.comment        0x00000000       0x18
 *(.comment)
 .comment       0x00000000       0x18 C:/devkitPro/devkitARM/bin/../lib/gcc/arm-none-eabi/15.2.0/thumb/crtbegin.o
                                 0x19 (size before relaxing)
 .comment       0x00000018        0x0 obj/engine.o
                                 0x19 (size before relaxing)
 .comment       0x00000018        0x0 obj/gba_system.o
                                 0x19 (size before relaxing)
 .comment       0x00000018        0x0 obj/main.o
                                 0x19 (size before relaxing)
 .comment       0x00000018        0x0 obj/vm.o
                                 0x19 (size before relaxing)
 .comment       0x00000018        0x0 C:/devkitPro/devkitARM/bin/../lib/gcc/arm-none-eabi/15.2.0/thumb/crtend.o
                                 0x19 (size before relaxing)

.debug
 *(.debug)

.line
 *(.line)

.debug_srcinfo
 *(.debug_srcinfo)

.debug_sfnames
 *(.debug_sfnames)

.debug_aranges
 *(.debug_aranges)

.debug_pubnames
 *(.debug_pubnames)

.debug_info
 *(.debug_info)

.debug_abbrev
 *(.debug_abbrev)

.debug_line
 *(.debug_line)

.debug_frame
 *(.debug_frame)

.debug_str
 *(.debug_str)

.debug_loc
 *(.debug_loc)

.debug_macinfo
 *(.debug_macinfo)

.debug_weaknames
 *(.debug_weaknames)

.debug_funcnames
 *(.debug_funcnames)

.debug_typenames
 *(.debug_typenames)

.debug_varnames
 *(.debug_varnames)

.stack          0x00080000        0x0
                0x00080000                        _stack = .
 *(.stack)

.note.gnu.arm.ident
 *(.note.gnu.arm.ident)

.ARM.attributes
                0x00000000       0x2c
 *(.ARM.attributes)
 .ARM.attributes
                0x00000000       0x20 C:/devkitPro/devkitARM/bin/../lib/gcc/arm-none-eabi/15.2.0/../../../../arm-none-eabi/lib/thumb/gba_crt0.o
 .ARM.attributes
                0x00000020       0x1c C:/devkitPro/devkitARM/bin/../lib/gcc/arm-none-eabi/15.2.0/thumb/crti.o
 .ARM.attributes
                0x0000003c       0x2a C:/devkitPro/devkitARM/bin/../lib/gcc/arm-none-eabi/15.2.0/thumb/crtbegin.o
 .ARM.attributes
                0x00000066       0x2a obj/engine.o
 .ARM.attributes
                0x00000090       0x2a obj/gba_system.o
 .ARM.attributes
                0x000000ba       0x2a obj/main.o
 .ARM.attributes
                0x000000e4       0x2a obj/vm.o
 .ARM.attributes
                0x0000010e       0x1c C:/devkitPro/devkitARM/bin/../lib/gcc/arm-none-eabi/15.2.0/thumb\libgcc.a(_sync_none.o)
 .ARM.attributes
                0x0000012a       0x2a C:/devkitPro/devkitARM/bin/../lib/gcc/arm-none-eabi/15.2.0/../../../../arm-none-eabi/lib/thumb\libc.a(libc_a-memset.o)
 .ARM.attributes
                0x00000154       0x2a C:/devkitPro/devkitARM/bin/../lib/gcc/arm-none-eabi/15.2.0/../../../../arm-none-eabi/lib/thumb\libc.a(libc_a-init.o)
 .ARM.attributes
                0x0000017e       0x2a C:/devkitPro/devkitARM/bin/../lib/gcc/arm-none-eabi/15.2.0/../../../../arm-none-eabi/lib/thumb\libsysbase.a(libsysbase_libsysbase_a-malloc_vars.o)
 .ARM.attributes
                0x000001a8       0x2a C:/devkitPro/devkitARM/bin/../lib/gcc/arm-none-eabi/15.2.0/thumb/crtend.o
 .ARM.attributes
                0x000001d2       0x1c C:/devkitPro/devkitARM/bin/../lib/gcc/arm-none-eabi/15.2.0/thumb/crtn.o

/DISCARD/
 *(.note.GNU-stack)
LOAD C:/devkitPro/devkitARM/bin/../lib/gcc/arm-none-eabi/15.2.0/../../../../arm-none-eabi/lib/thumb/gba_crt0.o
LOAD C:/devkitPro/devkitARM/bin/../lib/gcc/arm-none-eabi/15.2.0/thumb/crti.o
LOAD C:/devkitPro/devkitARM/bin/../lib/gcc/arm-none-eabi/15.2.0/thumb/crtbegin.o
LOAD obj/engine.o
LOAD obj/gba_system.o
LOAD obj/main.o
LOAD obj/vm.o
START GROUP
LOAD C:/devkitPro/devkitARM/bin/../lib/gcc/arm-none-eabi/15.2.0/thumb\libgcc.a
LOAD C:/devkitPro/devkitARM/bin/../lib/gcc/arm-none-eabi/15.2.0/../../../../arm-none-eabi/lib/thumb\libc.a
LOAD C:/devkitPro/devkitARM/bin/../lib/gcc/arm-none-eabi/15.2.0/../../../../arm-none-eabi/lib/thumb\libsysbase.a
END GROUP
LOAD C:/devkitPro/devkitARM/bin/../lib/gcc/arm-none-eabi/15.2.0/thumb/crtend.o
LOAD C:/devkitPro/devkitARM/bin/../lib/gcc/arm-none-eabi/15.2.0/thumb/crtn.o
OUTPUT(bin/game.elf elf32-littlearm)
LOAD linker stubs
